{
  "passed": true,
  "object_count": 8,
  "gcode_tools_zero_based": [
    2
  ],
  "plate_metadata": {
    "index": "1",
    "extruder_type": "0",
    "nozzle_volume_type": "0",
    "printer_model_id": "",
    "nozzle_diameters": "0.4",
    "timelapse_type": "0",
    "prediction": "2426",
    "weight": "9.57",
    "first_layer_time": "0.000000",
    "outside": "false",
    "support_used": "true",
    "label_object_enabled": "false",
    "enable_filament_dynamic_map": "false",
    "has_filament_switcher": "false",
    "filament_maps": "1",
    "limit_filament_maps": "0 0 0"
  },
  "slicer_warnings": [
    {
      "msg": "bed_temperature_too_high_than_filament",
      "level": "3",
      "error_code": "1000C001"
    }
  ]
}
