left all 22 pieces clear exported tray True
left loaded tray seats without interference True
left loaded removal/repacking every 1 mm through 25 mm True
left both covered and released board travel over loaded tray True
left seat blocks tray shift 0.7,0 True
left seat blocks tray shift -0.7,0 True
left seat blocks tray shift 0,0.7 True
left seat blocks tray shift 0,-0.7 True
left cover blocks empty and loaded tray upward motion at 0.6 mm True
left cover blocks each piece at 0.6 mm lift True
left pocket rims retain all pieces at full 0.4 mm roof slack True
left 14 mm fingertip probe beside grip X53.5 True
left 14 mm fingertip probe beside grip X78.5 True
left continuous 1.2 mm tray floor True
left broad flat support footprint on table True
left full loaded tray/other module folding every 10 degrees True
right all 22 pieces clear exported tray True
right loaded tray seats without interference True
right loaded removal/repacking every 1 mm through 25 mm True
right both covered and released board travel over loaded tray True
right seat blocks tray shift 0.7,0 True
right seat blocks tray shift -0.7,0 True
right seat blocks tray shift 0,0.7 True
right seat blocks tray shift 0,-0.7 True
right cover blocks empty and loaded tray upward motion at 0.6 mm True
right cover blocks each piece at 0.6 mm lift True
right pocket rims retain all pieces at full 0.4 mm roof slack True
right 14 mm fingertip probe beside grip X53.5 True
right 14 mm fingertip probe beside grip X78.5 True
right continuous 1.2 mm tray floor True
right broad flat support footprint on table True
right full loaded tray/other module folding every 10 degrees True
