housing-left valid single solid PASS 
housing-left STEP/STL readback PASS {'triangles': 4440, 'cad_volume_mm3': 93633.29470919295}
board-left valid single solid PASS 
board-left STEP/STL readback PASS {'triangles': 2072, 'cad_volume_mm3': 57346.318324633496}
drawer-left valid single solid PASS 
drawer-left STEP/STL readback PASS {'triangles': 976, 'cad_volume_mm3': 21733.85359999997}
housing-right valid single solid PASS 
housing-right STEP/STL readback PASS {'triangles': 1766, 'cad_volume_mm3': 70282.5081808863}
board-right valid single solid PASS 
board-right STEP/STL readback PASS {'triangles': 2072, 'cad_volume_mm3': 57346.31832463343}
drawer-right valid single solid PASS 
drawer-right STEP/STL readback PASS {'triangles': 976, 'cad_volume_mm3': 21733.853599999984}
capstone-hatch valid single solid PASS 
capstone-hatch STEP/STL readback PASS {'triangles': 864, 'cad_volume_mm3': 4879.59670715026}
clasp-slider valid single solid PASS 
clasp-slider STEP/STL readback PASS {'triangles': 108, 'cad_volume_mm3': 1674.9500000000003}
axle-end-cap valid single solid PASS 
axle-end-cap STEP/STL readback PASS {'triangles': 836, 'cad_volume_mm3': 129.81060844633026}
nominal assembled parts disjoint PASS {'max_overlap_mm3': 0, 'at': None}
full paired fold 0..180 degrees at 5 degree samples PASS {'max_overlap_mm3': 0, 'at': None}
unlocked case opening at 1 degree samples for first 10 degrees PASS {'max_overlap_mm3': 0, 'at': None}
locked case opening blocked PASS 
press-only case opening blocked PASS 
integrated press-and-slide path PASS {'max_overlap_mm3': 0, 'at': None}
left board snap holds lift PASS 
left released board motion 0..90 at 5 degree samples PASS {'max_overlap_mm3': 0, 'at': None}
left drawer catch holds pull PASS 
left released drawer withdrawal 0..168 at 8 mm samples PASS {'max_overlap_mm3': 0, 'at': None}
left drawer positive end stop PASS {'169': 0.8004197761194038, '170': 3.2754197761194055, '172': 12.45}
left deliberate stop release removal PASS {'max_overlap_mm3': 0, 'at': None}
right board snap holds lift PASS 
right released board motion 0..90 at 5 degree samples PASS {'max_overlap_mm3': 0, 'at': None}
right drawer catch holds pull PASS 
right released drawer withdrawal 0..168 at 8 mm samples PASS {'max_overlap_mm3': 0, 'at': None}
right drawer positive end stop PASS {'169': 0.8004197761194038, '170': 3.2754197761194055, '172': 12.45}
right deliberate stop release removal PASS {'max_overlap_mm3': 0, 'at': None}
capstone hatch catch holds lift PASS 
released hatch 0..100 at 5 degree samples PASS {'max_overlap_mm3': 0, 'at': None}
cat flat CAD valid PASS 
cat capstone CAD valid PASS 
witch flat CAD valid PASS 
witch capstone CAD valid PASS 
left actual original pieces clear assembled storage PASS {'max_overlap_mm3': 0, 'at': None}
right actual original pieces clear assembled storage PASS {'max_overlap_mm3': 0, 'at': None}
cap actual original pieces clear assembled storage PASS {'max_overlap_mm3': 0, 'at': None}
loaded original pieces clear opposite modules during fold at 15 degrees PASS {'max_overlap_mm3': 0, 'at': None}
loaded capstones clear hatch opening at 5 degrees PASS {'max_overlap_mm3': 0, 'at': None}
last flat exposed at full drawer stroke PASS 
roof gap above actual 8 mm flats PASS 
field remains 5x5 / 180 mm / 36 mm pitch PASS {'field_mm': 180, 'pitch_mm': 36}
Full integrated v18 digital checks pass
